###############################################################################
#
# IAR ELF Linker V8.11.3.13950/W32 for ARM                29/Jan/2025  16:28:36
# Copyright 2007-2017 IAR Systems AB.
#
#    Output file  =  C:\Users\stlp\Desktop\IARduino\Debug\Exe\IAR_STM32.out
#    Map file     =  C:\Users\stlp\Desktop\IARduino\Debug\List\IAR_STM32.map
#    Command line =  
#        -f C:\Users\stlp\AppData\Local\Temp\EW626E.tmp
#        (C:\Users\stlp\Desktop\IARduino\Debug\Obj\main.o
#        C:\Users\stlp\Desktop\IARduino\Debug\Obj\misc.o
#        C:\Users\stlp\Desktop\IARduino\Debug\Obj\startup_stm32f4xx.o
#        C:\Users\stlp\Desktop\IARduino\Debug\Obj\stm32f4_discovery.o
#        C:\Users\stlp\Desktop\IARduino\Debug\Obj\stm32f4xx_gpio.o
#        C:\Users\stlp\Desktop\IARduino\Debug\Obj\stm32f4xx_it.o
#        C:\Users\stlp\Desktop\IARduino\Debug\Obj\stm32f4xx_rcc.o
#        C:\Users\stlp\Desktop\IARduino\Debug\Obj\stm32f4xx_usart.o
#        C:\Users\stlp\Desktop\IARduino\Debug\Obj\system_stm32f4xx.o -o
#        C:\Users\stlp\Desktop\IARduino\Debug\Exe\IAR_STM32.out --redirect
#        _Printf=_PrintfFullNoMb --redirect _Scanf=_ScanfFullNoMb --map
#        C:\Users\stlp\Desktop\IARduino\Debug\List\IAR_STM32.map --config
#        C:\Users\stlp\Desktop\IARduino\IAR_STM32.icf --semihosting --entry
#        __iar_program_start --vfe --text_out locale)
#
###############################################################################

*******************************************************************************
*** RUNTIME MODEL ATTRIBUTES
***

CppFlavor       = *
__SystemLibrary = DLib
__dlib_version  = 6


*******************************************************************************
*** HEAP SELECTION
***

The basic heap was selected because no calls to memory allocation
functions were found in the application outside of system library
functions, and there are calls to deallocation functions in the
application.


*******************************************************************************
*** PLACEMENT SUMMARY
***

"A0":  place at 0x08000000 { ro section .intvec };
"P1":  place in [from 0x08000000 to 0x080fffff] { ro };
define block CSTACK with size = 8K, alignment = 8 { };
"P3":  place in [from 0x10000000 to 0x1000ffff] {
          block CSTACK, section .ccram };
define block HEAP with size = 8K, alignment = 8 { };
"P4":  place in [from 0x20000000 to 0x2001bfff] |
                [from 0x2001c000 to 0x2001ffff] { rw, block HEAP };
initialize by copy { rw };

  Section            Kind        Address    Size  Object
  -------            ----        -------    ----  ------
"A0":                                      0x188
  .intvec            ro code  0x08000000   0x188  startup_stm32f4xx.o [1]
                            - 0x08000188   0x188

"P1":                                      0xb30
  .text              ro code  0x08000188   0x22c  main.o [1]
  .text              ro code  0x080003b4   0x138  stm32f4xx_rcc.o [1]
  .text              ro code  0x080004ec   0x100  stm32f4xx_gpio.o [1]
  .text              ro code  0x080005ec   0x1c0  stm32f4xx_usart.o [1]
  .text              ro code  0x080007ac    0x30  strstr.o [3]
  .text              ro code  0x080007dc    0x66  ABImemset.o [5]
  .text              ro code  0x08000844    0x16  strchr.o [5]
  .text              ro code  0x0800085c   0x180  system_stm32f4xx.o [1]
  .text              ro code  0x080009dc    0x40  zero_init3.o [5]
  .text              ro code  0x08000a1c    0x2c  copy_init3.o [5]
  .text              ro code  0x08000a48    0x28  data_init.o [5]
  .text              ro code  0x08000a70    0x22  fpinit_M.o [4]
  .iar.init_table    const    0x08000a94    0x24  - Linker created -
  .text              ro code  0x08000ab8    0x1a  stm32f4xx_it.o [1]
  .text              ro code  0x08000ad4    0x1a  cmain.o [5]
  .text              ro code  0x08000aee     0x4  low_level_init.o [3]
  .text              ro code  0x08000af2     0x4  exit.o [3]
  .text              ro code  0x08000af8     0xa  cexit.o [5]
  .text              ro code  0x08000b04    0x14  exit.o [6]
  .text              ro code  0x08000b18    0x10  startup_stm32f4xx.o [1]
  .text              ro code  0x08000b28     0xc  cstartup_M.o [5]
  .rodata            const    0x08000b34     0x8  main.o [1]
  .text              ro code  0x08000b3c     0x4  startup_stm32f4xx.o [1]
  .text              ro code  0x08000b40     0x4  startup_stm32f4xx.o [1]
  .text              ro code  0x08000b44     0x4  startup_stm32f4xx.o [1]
  .text              ro code  0x08000b48     0x4  startup_stm32f4xx.o [1]
  .text              ro code  0x08000b4c     0x4  startup_stm32f4xx.o [1]
  .text              ro code  0x08000b50     0x4  startup_stm32f4xx.o [1]
  .text              ro code  0x08000b54     0x4  startup_stm32f4xx.o [1]
  .text              ro code  0x08000b58     0x4  startup_stm32f4xx.o [1]
  .text              ro code  0x08000b5c     0x4  startup_stm32f4xx.o [1]
  .text              ro code  0x08000b60     0x4  startup_stm32f4xx.o [1]
  .text              ro code  0x08000b64     0x4  startup_stm32f4xx.o [1]
  .text              ro code  0x08000b68     0x4  startup_stm32f4xx.o [1]
  .text              ro code  0x08000b6c     0x4  startup_stm32f4xx.o [1]
  .text              ro code  0x08000b70     0x4  startup_stm32f4xx.o [1]
  .text              ro code  0x08000b74     0x4  startup_stm32f4xx.o [1]
  .text              ro code  0x08000b78     0x4  startup_stm32f4xx.o [1]
  .text              ro code  0x08000b7c     0x4  startup_stm32f4xx.o [1]
  .text              ro code  0x08000b80     0x4  startup_stm32f4xx.o [1]
  .text              ro code  0x08000b84     0x4  startup_stm32f4xx.o [1]
  .text              ro code  0x08000b88     0x4  startup_stm32f4xx.o [1]
  .text              ro code  0x08000b8c     0x4  startup_stm32f4xx.o [1]
  .text              ro code  0x08000b90     0x4  startup_stm32f4xx.o [1]
  .text              ro code  0x08000b94     0x4  startup_stm32f4xx.o [1]
  .text              ro code  0x08000b98     0x4  startup_stm32f4xx.o [1]
  .text              ro code  0x08000b9c     0x4  startup_stm32f4xx.o [1]
  .text              ro code  0x08000ba0     0x4  startup_stm32f4xx.o [1]
  .text              ro code  0x08000ba4     0x4  startup_stm32f4xx.o [1]
  .text              ro code  0x08000ba8     0x4  startup_stm32f4xx.o [1]
  .text              ro code  0x08000bac     0x4  startup_stm32f4xx.o [1]
  .text              ro code  0x08000bb0     0x4  startup_stm32f4xx.o [1]
  .text              ro code  0x08000bb4     0x4  startup_stm32f4xx.o [1]
  .text              ro code  0x08000bb8     0x4  startup_stm32f4xx.o [1]
  .text              ro code  0x08000bbc     0x4  startup_stm32f4xx.o [1]
  .text              ro code  0x08000bc0     0x4  startup_stm32f4xx.o [1]
  .text              ro code  0x08000bc4     0x4  startup_stm32f4xx.o [1]
  .text              ro code  0x08000bc8     0x4  startup_stm32f4xx.o [1]
  .text              ro code  0x08000bcc     0x4  startup_stm32f4xx.o [1]
  .text              ro code  0x08000bd0     0x4  startup_stm32f4xx.o [1]
  .text              ro code  0x08000bd4     0x4  startup_stm32f4xx.o [1]
  .text              ro code  0x08000bd8     0x4  startup_stm32f4xx.o [1]
  .text              ro code  0x08000bdc     0x4  startup_stm32f4xx.o [1]
  .text              ro code  0x08000be0     0x4  startup_stm32f4xx.o [1]
  .text              ro code  0x08000be4     0x4  startup_stm32f4xx.o [1]
  .text              ro code  0x08000be8     0x4  startup_stm32f4xx.o [1]
  .text              ro code  0x08000bec     0x4  startup_stm32f4xx.o [1]
  .text              ro code  0x08000bf0     0x4  startup_stm32f4xx.o [1]
  .text              ro code  0x08000bf4     0x4  startup_stm32f4xx.o [1]
  .text              ro code  0x08000bf8     0x4  startup_stm32f4xx.o [1]
  .text              ro code  0x08000bfc     0x4  startup_stm32f4xx.o [1]
  .text              ro code  0x08000c00     0x4  startup_stm32f4xx.o [1]
  .text              ro code  0x08000c04     0x4  startup_stm32f4xx.o [1]
  .text              ro code  0x08000c08     0x4  startup_stm32f4xx.o [1]
  .text              ro code  0x08000c0c     0x4  startup_stm32f4xx.o [1]
  .text              ro code  0x08000c10     0x4  startup_stm32f4xx.o [1]
  .text              ro code  0x08000c14     0x4  startup_stm32f4xx.o [1]
  .text              ro code  0x08000c18     0x4  startup_stm32f4xx.o [1]
  .text              ro code  0x08000c1c     0x4  startup_stm32f4xx.o [1]
  .text              ro code  0x08000c20     0x4  startup_stm32f4xx.o [1]
  .text              ro code  0x08000c24     0x4  startup_stm32f4xx.o [1]
  .text              ro code  0x08000c28     0x4  startup_stm32f4xx.o [1]
  .text              ro code  0x08000c2c     0x4  startup_stm32f4xx.o [1]
  .text              ro code  0x08000c30     0x4  startup_stm32f4xx.o [1]
  .text              ro code  0x08000c34     0x4  startup_stm32f4xx.o [1]
  .text              ro code  0x08000c38     0x4  startup_stm32f4xx.o [1]
  .text              ro code  0x08000c3c     0x4  startup_stm32f4xx.o [1]
  .text              ro code  0x08000c40     0x4  startup_stm32f4xx.o [1]
  .text              ro code  0x08000c44     0x4  startup_stm32f4xx.o [1]
  .text              ro code  0x08000c48     0x4  startup_stm32f4xx.o [1]
  .text              ro code  0x08000c4c     0x4  startup_stm32f4xx.o [1]
  .text              ro code  0x08000c50     0x4  startup_stm32f4xx.o [1]
  .text              ro code  0x08000c54     0x4  startup_stm32f4xx.o [1]
  .text              ro code  0x08000c58     0x4  startup_stm32f4xx.o [1]
  .text              ro code  0x08000c5c     0x4  startup_stm32f4xx.o [1]
  .text              ro code  0x08000c60     0x4  startup_stm32f4xx.o [1]
  .text              ro code  0x08000c64     0x4  startup_stm32f4xx.o [1]
  .text              ro code  0x08000c68     0x4  startup_stm32f4xx.o [1]
  .text              ro code  0x08000c6c     0x4  startup_stm32f4xx.o [1]
  .text              ro code  0x08000c70     0x4  startup_stm32f4xx.o [1]
  .text              ro code  0x08000c74     0x4  startup_stm32f4xx.o [1]
  .text              ro code  0x08000c78     0x4  startup_stm32f4xx.o [1]
  .text              ro code  0x08000c7c     0x4  startup_stm32f4xx.o [1]
  .text              ro code  0x08000c80     0x4  startup_stm32f4xx.o [1]
  .text              ro code  0x08000c84     0x4  startup_stm32f4xx.o [1]
  .text              ro code  0x08000c88     0x4  startup_stm32f4xx.o [1]
  .text              ro code  0x08000c8c     0x4  startup_stm32f4xx.o [1]
  .text              ro code  0x08000c90     0x4  startup_stm32f4xx.o [1]
  .text              ro code  0x08000c94     0x4  startup_stm32f4xx.o [1]
  .text              ro code  0x08000c98     0x4  startup_stm32f4xx.o [1]
  .text              ro code  0x08000c9c     0x4  startup_stm32f4xx.o [1]
  .text              ro code  0x08000ca0     0x4  startup_stm32f4xx.o [1]
  .text              ro code  0x08000ca4     0x4  startup_stm32f4xx.o [1]
  .rodata            const    0x08000ca8     0x0  zero_init3.o [5]
  .rodata            const    0x08000ca8     0x0  copy_init3.o [5]
  Initializer bytes  const    0x08000ca8    0x10  <for P4 s0>
                            - 0x08000cb8   0xb30

"P3":                                     0x2000
  CSTACK                      0x10000000  0x2000  <Block>
    CSTACK           uninit   0x10000000  0x2000  <Block tail>
                            - 0x10002000  0x2000

"P4", part 1 of 2:                          0x10
  P4 s0                       0x20000000    0x10  <Init block>
    .data            inited   0x20000000    0x10  stm32f4xx_rcc.o [1]
                            - 0x20000010    0x10

"P4", part 2 of 2:                          0xf4
  .bss               zero     0x20000010    0xf0  main.o [1]
  .bss               zero     0x20000100     0x1  main.o [1]
                            - 0x20000101    0xf1


*******************************************************************************
*** INIT TABLE
***

          Address     Size
          -------     ----
Zero (__iar_zero_init3)
    1 destination range, total size 0xf1:
          0x20000010  0xf1

Copy (__iar_copy_init3)
    1 source range, total size 0x10:
          0x08000ca8  0x10
    1 destination range, total size 0x10:
          0x20000000  0x10



*******************************************************************************
*** MODULE SUMMARY
***

    Module               ro code  ro data  rw data
    ------               -------  -------  -------
C:\Users\stlp\Desktop\IARduino\Debug\Obj: [1]
    main.o                   556        8      241
    startup_stm32f4xx.o      772
    stm32f4xx_gpio.o         256
    stm32f4xx_it.o            26
    stm32f4xx_rcc.o          312       16       16
    stm32f4xx_usart.o        448
    system_stm32f4xx.o       384
    ----------------------------------------------
    Total:                 2 754       24      257

command line: [2]
    ----------------------------------------------
    Total:

dl7M_tln.a: [3]
    exit.o                     4
    low_level_init.o           4
    strstr.o                  48
    ----------------------------------------------
    Total:                    56

m7M_tls.a: [4]
    fpinit_M.o                34
    ----------------------------------------------
    Total:                    34

rt7M_tl.a: [5]
    ABImemset.o              102
    cexit.o                   10
    cmain.o                   26
    copy_init3.o              44
    cstartup_M.o              12
    data_init.o               40
    strchr.o                  22
    zero_init3.o              64
    ----------------------------------------------
    Total:                   320

shb_l.a: [6]
    exit.o                    20
    ----------------------------------------------
    Total:                    20

    Gaps                      10        2
    Linker created                     36    8 192
--------------------------------------------------
    Grand Total:           3 194       62    8 449


*******************************************************************************
*** ENTRY LIST
***

Entry                      Address  Size  Type      Object
-----                      -------  ----  ----      ------
.iar.init_table$$Base   0x08000a94         --   Gb  - Linker created -
.iar.init_table$$Limit  0x08000ab8         --   Gb  - Linker created -
?main                   0x08000ad5        Code  Gb  cmain.o [5]
APBAHBPrescTable        0x20000000  0x10  Data  Lc  stm32f4xx_rcc.o [1]
BusFault_Handler        0x08000abf   0x2  Code  Gb  stm32f4xx_it.o [1]
CSTACK$$Base            0x10000000         --   Gb  - Linker created -
CSTACK$$Limit           0x10002000         --   Gb  - Linker created -
DebugMon_Handler        0x08000ac5   0x2  Code  Gb  stm32f4xx_it.o [1]
GPIO_Init               0x080004ed  0xa4  Code  Gb  stm32f4xx_gpio.o [1]
GPIO_PinAFConfig        0x08000599  0x54  Code  Gb  stm32f4xx_gpio.o [1]
GPIO_ResetBits          0x08000595   0x4  Code  Gb  stm32f4xx_gpio.o [1]
GPIO_SetBits            0x08000591   0x4  Code  Gb  stm32f4xx_gpio.o [1]
HardFault_Handler       0x08000abb   0x2  Code  Gb  stm32f4xx_it.o [1]
MemManage_Handler       0x08000abd   0x2  Code  Gb  stm32f4xx_it.o [1]
NMI_Handler             0x08000ab9   0x2  Code  Gb  stm32f4xx_it.o [1]
NVIC_EnableIRQ          0x08000189  0x14  Code  Lc  main.o [1]
PendSV_Handler          0x08000ac7   0x2  Code  Gb  stm32f4xx_it.o [1]
RCC_AHB1PeriphClockCmd  0x08000491  0x20  Code  Gb  stm32f4xx_rcc.o [1]
RCC_APB2PeriphClockCmd  0x080004b1  0x20  Code  Gb  stm32f4xx_rcc.o [1]
RCC_GetClocksFreq       0x080003b5  0xdc  Code  Gb  stm32f4xx_rcc.o [1]
Region$$Table$$Base     0x08000a94         --   Gb  - Linker created -
Region$$Table$$Limit    0x08000ab8         --   Gb  - Linker created -
SVC_Handler             0x08000ac3   0x2  Code  Gb  stm32f4xx_it.o [1]
SetSysClock             0x080008af  0xf4  Code  Lc  system_stm32f4xx.o [1]
SysTick_Handler         0x08000ac9   0x2  Code  Gb  stm32f4xx_it.o [1]
SystemInit              0x0800085d  0x52  Code  Gb  system_stm32f4xx.o [1]
TIM1_CC_IRQHandler      0x08000ad1   0x2  Code  Gb  stm32f4xx_it.o [1]
TIM2_IRQHandler         0x08000acb   0x2  Code  Gb  stm32f4xx_it.o [1]
TIM3_IRQHandler         0x08000acd   0x2  Code  Gb  stm32f4xx_it.o [1]
TIM4_IRQHandler         0x08000acf   0x2  Code  Gb  stm32f4xx_it.o [1]
USART1_IRQHandler       0x08000279  0x3c  Code  Gb  main.o [1]
USART_Cmd               0x080006b5  0x1c  Code  Gb  stm32f4xx_usart.o [1]
USART_GetFlagStatus     0x08000733  0x18  Code  Gb  stm32f4xx_usart.o [1]
USART_GetITStatus       0x0800074b  0x62  Code  Gb  stm32f4xx_usart.o [1]
USART_ITConfig          0x080006e1  0x52  Code  Gb  stm32f4xx_usart.o [1]
USART_Init              0x080005ed  0xb8  Code  Gb  stm32f4xx_usart.o [1]
USART_ReceiveData       0x080006d9   0x8  Code  Gb  stm32f4xx_usart.o [1]
USART_SendData          0x080006d1   0x8  Code  Gb  stm32f4xx_usart.o [1]
USART_SendString        0x0800021f  0x5a  Code  Gb  main.o [1]
UsageFault_Handler      0x08000ac1   0x2  Code  Gb  stm32f4xx_it.o [1]
__aeabi_memset          0x080007dd        Code  Gb  ABImemset.o [5]
__cmain                 0x08000ad5        Code  Gb  cmain.o [5]
__exit                  0x08000b05  0x14  Code  Gb  exit.o [6]
__iar_Memset            0x080007dd        Code  Gb  ABImemset.o [5]
__iar_Memset_word       0x080007e5        Code  Gb  ABImemset.o [5]
__iar_Strchr            0x08000845        Code  Gb  strchr.o [5]
__iar_copy_init3        0x08000a1d  0x2c  Code  Gb  copy_init3.o [5]
__iar_data_init3        0x08000a49  0x28  Code  Gb  data_init.o [5]
__iar_init_vfp          0x08000a71        Code  Gb  fpinit_M.o [4]
__iar_program_start     0x08000b29        Code  Gb  cstartup_M.o [5]
__iar_systems$$module {Abs}
                        0x00000001        Data  Gb  command line/config [2]
__iar_zero_init3        0x080009dd  0x40  Code  Gb  zero_init3.o [5]
__low_level_init        0x08000aef   0x4  Code  Gb  low_level_init.o [3]
__vector_table          0x08000000        Data  Gb  startup_stm32f4xx.o [1]
_call_main              0x08000ae1        Code  Gb  cmain.o [5]
_exit                   0x08000af9        Code  Gb  cexit.o [5]
_main                   0x08000aeb        Code  Gb  cmain.o [5]
buffer_index            0x20000100   0x1  Data  Gb  main.o [1]
configure_gpio          0x080001b9  0x66  Code  Gb  main.o [1]
configure_rcc           0x0800019d  0x1c  Code  Gb  main.o [1]
configure_usart1        0x080002b5  0x4e  Code  Gb  main.o [1]
delay_ms                0x08000303  0x16  Code  Gb  main.o [1]
exit                    0x08000af3   0x4  Code  Gb  exit.o [3]
main                    0x08000375  0x22  Code  Gb  main.o [1]
process_uart_response   0x08000319  0x5c  Code  Gb  main.o [1]
strchr                  0x08000845        Code  Gb  strchr.o [5]
strstr                  0x080007ad  0x30  Code  Gb  strstr.o [3]
uart_buffer             0x20000010  0xf0  Data  Gb  main.o [1]


[1] = C:\Users\stlp\Desktop\IARduino\Debug\Obj
[2] = command line
[3] = dl7M_tln.a
[4] = m7M_tls.a
[5] = rt7M_tl.a
[6] = shb_l.a

  3 194 bytes of readonly  code memory
     62 bytes of readonly  data memory
  8 449 bytes of readwrite data memory

Errors: none
Warnings: none
