###############################################################################
#
# IAR ELF Linker V8.11.3.13950/W32 for ARM                31/Jan/2025  16:39:33
# Copyright 2007-2017 IAR Systems AB.
#
#    Output file  =  C:\Users\stlp\Desktop\IARduino\Debug\Exe\IAR_STM32.out
#    Map file     =  C:\Users\stlp\Desktop\IARduino\Debug\List\IAR_STM32.map
#    Command line =  
#        -f C:\Users\stlp\AppData\Local\Temp\EW48.tmp
#        (C:\Users\stlp\Desktop\IARduino\Debug\Obj\main.o
#        C:\Users\stlp\Desktop\IARduino\Debug\Obj\misc.o
#        C:\Users\stlp\Desktop\IARduino\Debug\Obj\startup_stm32f4xx.o
#        C:\Users\stlp\Desktop\IARduino\Debug\Obj\stm32f4_discovery.o
#        C:\Users\stlp\Desktop\IARduino\Debug\Obj\stm32f4xx_adc.o
#        C:\Users\stlp\Desktop\IARduino\Debug\Obj\stm32f4xx_gpio.o
#        C:\Users\stlp\Desktop\IARduino\Debug\Obj\stm32f4xx_it.o
#        C:\Users\stlp\Desktop\IARduino\Debug\Obj\stm32f4xx_rcc.o
#        C:\Users\stlp\Desktop\IARduino\Debug\Obj\stm32f4xx_usart.o
#        C:\Users\stlp\Desktop\IARduino\Debug\Obj\system_stm32f4xx.o -o
#        C:\Users\stlp\Desktop\IARduino\Debug\Exe\IAR_STM32.out --redirect
#        _Printf=_PrintfFullNoMb --redirect _Scanf=_ScanfFullNoMb --map
#        C:\Users\stlp\Desktop\IARduino\Debug\List\IAR_STM32.map --config
#        C:\Users\stlp\Desktop\IARduino\IAR_STM32.icf --semihosting --entry
#        __iar_program_start --vfe --text_out locale)
#
###############################################################################

*******************************************************************************
*** RUNTIME MODEL ATTRIBUTES
***

CppFlavor       = *
__SystemLibrary = DLib
__dlib_version  = 6


*******************************************************************************
*** HEAP SELECTION
***

The basic heap was selected because no calls to memory allocation
functions were found in the application outside of system library
functions, and there are calls to deallocation functions in the
application.


*******************************************************************************
*** PLACEMENT SUMMARY
***

"A0":  place at 0x08000000 { ro section .intvec };
"P1":  place in [from 0x08000000 to 0x080fffff] { ro };
define block CSTACK with size = 8K, alignment = 8 { };
"P3":  place in [from 0x10000000 to 0x1000ffff] {
          block CSTACK, section .ccram };
define block HEAP with size = 8K, alignment = 8 { };
"P4":  place in [from 0x20000000 to 0x2001bfff] |
                [from 0x2001c000 to 0x2001ffff] { rw, block HEAP };
initialize by copy { rw };

  Section            Kind        Address    Size  Object
  -------            ----        -------    ----  ------
"A0":                                      0x188
  .intvec            ro code  0x08000000   0x188  startup_stm32f4xx.o [1]
                            - 0x08000188   0x188

"P1":                                     0x24a8
  .text              ro code  0x08000188   0xdd6  xprintffull_nomb.o [3]
  .text              ro code  0x08000f5e     0xa  xsprout.o [3]
  .text              ro code  0x08000f68    0x16  strchr.o [5]
  .text              ro code  0x08000f80    0x44  xfail_s.o [3]
  .text              ro code  0x08000fc4    0x36  strlen.o [5]
  .text              ro code  0x08000ffc    0x58  memchr.o [5]
  .text              ro code  0x08001054    0xee  I64DivMod.o [5]
  .text              ro code  0x08001144   0x1a2  DblMul.o [4]
  .text              ro code  0x080012e8    0xa6  ABImemcpy.o [5]
  .text              ro code  0x08001390    0x70  frexp.o [4]
  .text              ro code  0x08001400    0x2e  DblCmpLe.o [4]
  .text              ro code  0x08001430    0x2e  DblCmpGe.o [4]
  .text              ro code  0x08001460   0x13a  ldexp.o [4]
  .text              ro code  0x0800159c    0x3a  DblToS32.o [4]
  .text              ro code  0x080015d8    0x22  S32ToDbl.o [4]
  .text              ro code  0x080015fc    0xe2  DblSub.o [4]
  .text              ro code  0x080016e0   0x246  DblDiv.o [4]
  .text              ro code  0x08001928    0x28  DblToU32.o [4]
  .text              ro code  0x08001950    0x1a  U32ToDbl.o [4]
  .text              ro code  0x0800196a     0x6  abort.o [3]
  .text              ro code  0x08001970     0x2  I64DivZer.o [5]
  .text              ro code  0x08001974   0x168  DblAdd.o [4]
  .text              ro code  0x08001adc    0x14  exit.o [6]
  .text              ro code  0x08001af0   0x2a4  main.o [1]
  .text              ro code  0x08001d94   0x15c  stm32f4xx_rcc.o [1]
  .text              ro code  0x08001ef0    0xf8  stm32f4xx_gpio.o [1]
  .text              ro code  0x08001fe8    0x90  stm32f4xx_adc.o [1]
  .text              ro code  0x08002078   0x104  stm32f4xx_usart.o [1]
  .text              ro code  0x0800217c    0x40  sprintf.o [3]
  .text              ro code  0x080021bc    0x20  strcat.o [3]
  .text              ro code  0x080021dc   0x180  system_stm32f4xx.o [1]
  .rodata            const    0x0800235c    0x34  main.o [1]
  .text              ro code  0x08002390    0x2c  copy_init3.o [5]
  .text              ro code  0x080023bc    0x28  data_init.o [5]
  .text              ro code  0x080023e4    0x22  fpinit_M.o [4]
  .iar.init_table    const    0x08002408    0x14  - Linker created -
  .text              ro code  0x0800241c    0x1a  stm32f4xx_it.o [1]
  .text              ro code  0x08002438    0x1a  cmain.o [5]
  .text              ro code  0x08002452     0x4  low_level_init.o [3]
  .text              ro code  0x08002456     0x4  exit.o [3]
  .text              ro code  0x0800245c     0xa  cexit.o [5]
  .rodata            const    0x08002468    0x10  main.o [1]
  .text              ro code  0x08002478    0x10  startup_stm32f4xx.o [1]
  .rodata            const    0x08002488     0xc  main.o [1]
  .rodata            const    0x08002494     0xc  main.o [1]
  .text              ro code  0x080024a0     0xc  cstartup_M.o [5]
  .text              ro code  0x080024ac     0x4  startup_stm32f4xx.o [1]
  .text              ro code  0x080024b0     0x4  startup_stm32f4xx.o [1]
  .text              ro code  0x080024b4     0x4  startup_stm32f4xx.o [1]
  .text              ro code  0x080024b8     0x4  startup_stm32f4xx.o [1]
  .text              ro code  0x080024bc     0x4  startup_stm32f4xx.o [1]
  .text              ro code  0x080024c0     0x4  startup_stm32f4xx.o [1]
  .text              ro code  0x080024c4     0x4  startup_stm32f4xx.o [1]
  .text              ro code  0x080024c8     0x4  startup_stm32f4xx.o [1]
  .text              ro code  0x080024cc     0x4  startup_stm32f4xx.o [1]
  .text              ro code  0x080024d0     0x4  startup_stm32f4xx.o [1]
  .text              ro code  0x080024d4     0x4  startup_stm32f4xx.o [1]
  .text              ro code  0x080024d8     0x4  startup_stm32f4xx.o [1]
  .text              ro code  0x080024dc     0x4  startup_stm32f4xx.o [1]
  .text              ro code  0x080024e0     0x4  startup_stm32f4xx.o [1]
  .text              ro code  0x080024e4     0x4  startup_stm32f4xx.o [1]
  .text              ro code  0x080024e8     0x4  startup_stm32f4xx.o [1]
  .text              ro code  0x080024ec     0x4  startup_stm32f4xx.o [1]
  .text              ro code  0x080024f0     0x4  startup_stm32f4xx.o [1]
  .text              ro code  0x080024f4     0x4  startup_stm32f4xx.o [1]
  .text              ro code  0x080024f8     0x4  startup_stm32f4xx.o [1]
  .text              ro code  0x080024fc     0x4  startup_stm32f4xx.o [1]
  .text              ro code  0x08002500     0x4  startup_stm32f4xx.o [1]
  .text              ro code  0x08002504     0x4  startup_stm32f4xx.o [1]
  .text              ro code  0x08002508     0x4  startup_stm32f4xx.o [1]
  .text              ro code  0x0800250c     0x4  startup_stm32f4xx.o [1]
  .text              ro code  0x08002510     0x4  startup_stm32f4xx.o [1]
  .text              ro code  0x08002514     0x4  startup_stm32f4xx.o [1]
  .text              ro code  0x08002518     0x4  startup_stm32f4xx.o [1]
  .text              ro code  0x0800251c     0x4  startup_stm32f4xx.o [1]
  .text              ro code  0x08002520     0x4  startup_stm32f4xx.o [1]
  .text              ro code  0x08002524     0x4  startup_stm32f4xx.o [1]
  .text              ro code  0x08002528     0x4  startup_stm32f4xx.o [1]
  .text              ro code  0x0800252c     0x4  startup_stm32f4xx.o [1]
  .text              ro code  0x08002530     0x4  startup_stm32f4xx.o [1]
  .text              ro code  0x08002534     0x4  startup_stm32f4xx.o [1]
  .text              ro code  0x08002538     0x4  startup_stm32f4xx.o [1]
  .text              ro code  0x0800253c     0x4  startup_stm32f4xx.o [1]
  .text              ro code  0x08002540     0x4  startup_stm32f4xx.o [1]
  .text              ro code  0x08002544     0x4  startup_stm32f4xx.o [1]
  .text              ro code  0x08002548     0x4  startup_stm32f4xx.o [1]
  .text              ro code  0x0800254c     0x4  startup_stm32f4xx.o [1]
  .text              ro code  0x08002550     0x4  startup_stm32f4xx.o [1]
  .text              ro code  0x08002554     0x4  startup_stm32f4xx.o [1]
  .text              ro code  0x08002558     0x4  startup_stm32f4xx.o [1]
  .text              ro code  0x0800255c     0x4  startup_stm32f4xx.o [1]
  .text              ro code  0x08002560     0x4  startup_stm32f4xx.o [1]
  .text              ro code  0x08002564     0x4  startup_stm32f4xx.o [1]
  .text              ro code  0x08002568     0x4  startup_stm32f4xx.o [1]
  .text              ro code  0x0800256c     0x4  startup_stm32f4xx.o [1]
  .text              ro code  0x08002570     0x4  startup_stm32f4xx.o [1]
  .text              ro code  0x08002574     0x4  startup_stm32f4xx.o [1]
  .text              ro code  0x08002578     0x4  startup_stm32f4xx.o [1]
  .text              ro code  0x0800257c     0x4  startup_stm32f4xx.o [1]
  .text              ro code  0x08002580     0x4  startup_stm32f4xx.o [1]
  .text              ro code  0x08002584     0x4  startup_stm32f4xx.o [1]
  .text              ro code  0x08002588     0x4  startup_stm32f4xx.o [1]
  .text              ro code  0x0800258c     0x4  startup_stm32f4xx.o [1]
  .text              ro code  0x08002590     0x4  startup_stm32f4xx.o [1]
  .text              ro code  0x08002594     0x4  startup_stm32f4xx.o [1]
  .text              ro code  0x08002598     0x4  startup_stm32f4xx.o [1]
  .text              ro code  0x0800259c     0x4  startup_stm32f4xx.o [1]
  .text              ro code  0x080025a0     0x4  startup_stm32f4xx.o [1]
  .text              ro code  0x080025a4     0x4  startup_stm32f4xx.o [1]
  .text              ro code  0x080025a8     0x4  startup_stm32f4xx.o [1]
  .text              ro code  0x080025ac     0x4  startup_stm32f4xx.o [1]
  .text              ro code  0x080025b0     0x4  startup_stm32f4xx.o [1]
  .text              ro code  0x080025b4     0x4  startup_stm32f4xx.o [1]
  .text              ro code  0x080025b8     0x4  startup_stm32f4xx.o [1]
  .text              ro code  0x080025bc     0x4  startup_stm32f4xx.o [1]
  .text              ro code  0x080025c0     0x4  startup_stm32f4xx.o [1]
  .text              ro code  0x080025c4     0x4  startup_stm32f4xx.o [1]
  .text              ro code  0x080025c8     0x4  startup_stm32f4xx.o [1]
  .text              ro code  0x080025cc     0x4  startup_stm32f4xx.o [1]
  .text              ro code  0x080025d0     0x4  startup_stm32f4xx.o [1]
  .text              ro code  0x080025d4     0x4  startup_stm32f4xx.o [1]
  .text              ro code  0x080025d8     0x4  startup_stm32f4xx.o [1]
  .text              ro code  0x080025dc     0x4  startup_stm32f4xx.o [1]
  .text              ro code  0x080025e0     0x4  startup_stm32f4xx.o [1]
  .text              ro code  0x080025e4     0x4  startup_stm32f4xx.o [1]
  .text              ro code  0x080025e8     0x4  startup_stm32f4xx.o [1]
  .text              ro code  0x080025ec     0x4  startup_stm32f4xx.o [1]
  .text              ro code  0x080025f0     0x4  startup_stm32f4xx.o [1]
  .text              ro code  0x080025f4     0x4  startup_stm32f4xx.o [1]
  .text              ro code  0x080025f8     0x4  startup_stm32f4xx.o [1]
  .text              ro code  0x080025fc     0x4  startup_stm32f4xx.o [1]
  .text              ro code  0x08002600     0x4  startup_stm32f4xx.o [1]
  .text              ro code  0x08002604     0x4  startup_stm32f4xx.o [1]
  .text              ro code  0x08002608     0x4  startup_stm32f4xx.o [1]
  .text              ro code  0x0800260c     0x4  startup_stm32f4xx.o [1]
  .text              ro code  0x08002610     0x4  startup_stm32f4xx.o [1]
  .text              ro code  0x08002614     0x4  startup_stm32f4xx.o [1]
  .rodata            const    0x08002618     0x0  copy_init3.o [5]
  Initializer bytes  const    0x08002618    0x18  <for P4 s0>
                            - 0x08002630  0x24a8

"P3":                                     0x2000
  CSTACK                      0x10000000  0x2000  <Block>
    CSTACK           uninit   0x10000000  0x2000  <Block tail>
                            - 0x10002000  0x2000

"P4":                                       0x18
  P4 s0                       0x20000000    0x18  <Init block>
    .data            inited   0x20000000    0x10  stm32f4xx_rcc.o [1]
    .data            inited   0x20000010     0x4  system_stm32f4xx.o [1]
    .bss             inited   0x20000014     0x4  xfail_s.o [3]
                            - 0x20000018    0x18


*******************************************************************************
*** INIT TABLE
***

          Address     Size
          -------     ----
Copy (__iar_copy_init3)
    1 source range, total size 0x18:
          0x08002618  0x18
    1 destination range, total size 0x18:
          0x20000000  0x18



*******************************************************************************
*** MODULE SUMMARY
***

    Module               ro code  ro data  rw data
    ------               -------  -------  -------
C:\Users\stlp\Desktop\IARduino\Debug\Obj: [1]
    main.o                   676       92
    startup_stm32f4xx.o      772
    stm32f4xx_adc.o          144
    stm32f4xx_gpio.o         248
    stm32f4xx_it.o            26
    stm32f4xx_rcc.o          348       16       16
    stm32f4xx_usart.o        260
    system_stm32f4xx.o       384        4        4
    ----------------------------------------------
    Total:                 2 858      112       20

command line: [2]
    ----------------------------------------------
    Total:

dl7M_tln.a: [3]
    abort.o                    6
    exit.o                     4
    low_level_init.o           4
    sprintf.o                 64
    strcat.o                  32
    xfail_s.o                 68        4        4
    xprintffull_nomb.o     3 542
    xsprout.o                 10
    ----------------------------------------------
    Total:                 3 730        4        4

m7M_tls.a: [4]
    DblAdd.o                 360
    DblCmpGe.o                46
    DblCmpLe.o                46
    DblDiv.o                 582
    DblMul.o                 418
    DblSub.o                 226
    DblToS32.o                58
    DblToU32.o                40
    S32ToDbl.o                34
    U32ToDbl.o                26
    fpinit_M.o                34
    frexp.o                  112
    ldexp.o                  314
    ----------------------------------------------
    Total:                 2 296

rt7M_tl.a: [5]
    ABImemcpy.o              166
    I64DivMod.o              238
    I64DivZer.o                2
    cexit.o                   10
    cmain.o                   26
    copy_init3.o              44
    cstartup_M.o              12
    data_init.o               40
    memchr.o                  88
    strchr.o                  22
    strlen.o                  54
    ----------------------------------------------
    Total:                   702

shb_l.a: [6]
    exit.o                    20
    ----------------------------------------------
    Total:                    20

    Gaps                      30        4
    Linker created                     20    8 192
--------------------------------------------------
    Grand Total:           9 636      140    8 216


*******************************************************************************
*** ENTRY LIST
***

Entry                      Address   Size  Type      Object
-----                      -------   ----  ----      ------
.iar.init_table$$Base   0x08002408          --   Gb  - Linker created -
.iar.init_table$$Limit  0x0800241c          --   Gb  - Linker created -
?main                   0x08002439         Code  Gb  cmain.o [5]
ADC_Cmd                 0x08002033   0x1a  Code  Gb  stm32f4xx_adc.o [1]
ADC_GetConversionValue  0x08002057    0x6  Code  Gb  stm32f4xx_adc.o [1]
ADC_GetFlagStatus       0x08002065   0x14  Code  Gb  stm32f4xx_adc.o [1]
ADC_Init                0x08001fe9   0x4a  Code  Gb  stm32f4xx_adc.o [1]
ADC_SoftwareStartConv   0x0800204d    0xa  Code  Gb  stm32f4xx_adc.o [1]
APBAHBPrescTable        0x20000000   0x10  Data  Lc  stm32f4xx_rcc.o [1]
BusFault_Handler        0x08002423    0x2  Code  Gb  stm32f4xx_it.o [1]
CSTACK$$Base            0x10000000          --   Gb  - Linker created -
CSTACK$$Limit           0x10002000          --   Gb  - Linker created -
DebugMon_Handler        0x08002429    0x2  Code  Gb  stm32f4xx_it.o [1]
GPIO_Init               0x08001ef1   0xa4  Code  Gb  stm32f4xx_gpio.o [1]
GPIO_PinAFConfig        0x08001f95   0x54  Code  Gb  stm32f4xx_gpio.o [1]
HardFault_Handler       0x0800241f    0x2  Code  Gb  stm32f4xx_it.o [1]
LoadInt                 0x08000327   0x7a  Code  Lc  xprintffull_nomb.o [3]
MemManage_Handler       0x08002421    0x2  Code  Gb  stm32f4xx_it.o [1]
NMI_Handler             0x0800241d    0x2  Code  Gb  stm32f4xx_it.o [1]
NVIC_SetPriority        0x08001af1   0x22  Code  Lc  main.o [1]
PendSV_Handler          0x0800242b    0x2  Code  Gb  stm32f4xx_it.o [1]
RCC_AHB1PeriphClockCmd  0x08001e71   0x20  Code  Gb  stm32f4xx_rcc.o [1]
RCC_APB1PeriphClockCmd  0x08001e91   0x20  Code  Gb  stm32f4xx_rcc.o [1]
RCC_APB2PeriphClockCmd  0x08001eb1   0x20  Code  Gb  stm32f4xx_rcc.o [1]
RCC_GetClocksFreq       0x08001d95   0xdc  Code  Gb  stm32f4xx_rcc.o [1]
Read_ADC                0x08001c35   0x1c  Code  Gb  main.o [1]
Region$$Table$$Base     0x08002408          --   Gb  - Linker created -
Region$$Table$$Limit    0x0800241c          --   Gb  - Linker created -
SVC_Handler             0x08002427    0x2  Code  Gb  stm32f4xx_it.o [1]
SetSysClock             0x0800222f   0xf4  Code  Lc  system_stm32f4xx.o [1]
SysTick_Config          0x08001b13   0x30  Code  Lc  main.o [1]
SysTick_Handler         0x0800242d    0x2  Code  Gb  stm32f4xx_it.o [1]
SystemCoreClock         0x20000010    0x4  Data  Gb  system_stm32f4xx.o [1]
SystemInit              0x080021dd   0x52  Code  Gb  system_stm32f4xx.o [1]
TIM1_CC_IRQHandler      0x08002435    0x2  Code  Gb  stm32f4xx_it.o [1]
TIM2_IRQHandler         0x0800242f    0x2  Code  Gb  stm32f4xx_it.o [1]
TIM3_IRQHandler         0x08002431    0x2  Code  Gb  stm32f4xx_it.o [1]
TIM4_IRQHandler         0x08002433    0x2  Code  Gb  stm32f4xx_it.o [1]
USART_Cmd               0x08002141   0x1c  Code  Gb  stm32f4xx_usart.o [1]
USART_GetFlagStatus     0x08002165   0x18  Code  Gb  stm32f4xx_usart.o [1]
USART_Init              0x08002079   0xb8  Code  Gb  stm32f4xx_usart.o [1]
USART_SendATCommand     0x08001c85   0x12  Code  Gb  main.o [1]
USART_SendData          0x0800215d    0x8  Code  Gb  stm32f4xx_usart.o [1]
USART_SendString        0x08001c51   0x26  Code  Gb  main.o [1]
USART_SendStringWithNewLine
                        0x08001c77    0xe  Code  Gb  main.o [1]
UsageFault_Handler      0x08002425    0x2  Code  Gb  stm32f4xx_it.o [1]
_GenldFullNoMb          0x08000c8b  0x248  Code  Lc  xprintffull_nomb.o [3]
_LdtobFullNoMb          0x0800086f  0x3f0  Code  Lc  xprintffull_nomb.o [3]
_LitobFullNoMb          0x08000713  0x116  Code  Lc  xprintffull_nomb.o [3]
_PrintfFullNoMb         0x08000189  0x190  Code  Gb  xprintffull_nomb.o [3]
_PutcharsFullNoMb       0x08000ed3   0x2e  Code  Lc  xprintffull_nomb.o [3]
_PutfldFullNoMb         0x080003a1  0x264  Code  Lc  xprintffull_nomb.o [3]
_PuttxtFullNoMb         0x08000605  0x10e  Code  Lc  xprintffull_nomb.o [3]
_SProut                 0x08000f5f    0xa  Code  Gb  xsprout.o [3]
__aeabi_cdcmple         0x08001401         Code  Gb  DblCmpLe.o [4]
__aeabi_cdrcmple        0x08001431         Code  Gb  DblCmpGe.o [4]
__aeabi_d2iz            0x0800159d         Code  Gb  DblToS32.o [4]
__aeabi_d2uiz           0x08001929         Code  Gb  DblToU32.o [4]
__aeabi_ddiv            0x080016e1         Code  Gb  DblDiv.o [4]
__aeabi_dmul            0x08001145         Code  Gb  DblMul.o [4]
__aeabi_dsub            0x080015fd         Code  Gb  DblSub.o [4]
__aeabi_i2d             0x080015d9         Code  Gb  S32ToDbl.o [4]
__aeabi_ldiv0           0x08001971         Code  Gb  I64DivZer.o [5]
__aeabi_memcpy          0x080012e9         Code  Gb  ABImemcpy.o [5]
__aeabi_memcpy4         0x08001309         Code  Gb  ABImemcpy.o [5]
__aeabi_memcpy8         0x08001309         Code  Gb  ABImemcpy.o [5]
__aeabi_ui2d            0x08001951         Code  Gb  U32ToDbl.o [4]
__aeabi_uldivmod        0x08001055         Code  Gb  I64DivMod.o [5]
__cmain                 0x08002439         Code  Gb  cmain.o [5]
__exit                  0x08001add   0x14  Code  Gb  exit.o [6]
__iar_Fail_s            0x08000f81   0x1e  Code  Gb  xfail_s.o [3]
__iar_Memchr            0x08000ffd         Code  Gb  memchr.o [5]
__iar_Strchr            0x08000f69         Code  Gb  strchr.o [5]
__iar_copy_init3        0x08002391   0x2c  Code  Gb  copy_init3.o [5]
__iar_dadd              0x0800160d         Code  Gb  DblSub.o [4]
__iar_data_init3        0x080023bd   0x28  Code  Gb  data_init.o [5]
__iar_dsub              0x08001975         Code  Gb  DblAdd.o [4]
__iar_dsubStart         0x08001987         Code  Gb  DblAdd.o [4]
__iar_frexp             0x0800139d         Code  Gb  frexp.o [4]
__iar_frexpl            0x0800139d         Code  Gb  frexp.o [4]
__iar_init_vfp          0x080023e5         Code  Gb  fpinit_M.o [4]
__iar_ldexp64           0x08001461         Code  Gb  ldexp.o [4]
__iar_program_start     0x080024a1         Code  Gb  cstartup_M.o [5]
__iar_scalbln64         0x08001461         Code  Gb  ldexp.o [4]
__iar_scalbn64          0x08001461         Code  Gb  ldexp.o [4]
__iar_softfp___iar_frexp64
                        0x08001391         Code  Gb  frexp.o [4]
__iar_softfp_frexp      0x08001391         Code  Gb  frexp.o [4]
__iar_softfp_frexpl     0x08001391         Code  Gb  frexp.o [4]
__iar_systems$$module {Abs}
                        0x00000001         Data  Gb  command line/config [2]
__low_level_init        0x08002453    0x4  Code  Gb  low_level_init.o [3]
__vector_table          0x08000000         Data  Gb  startup_stm32f4xx.o [1]
_call_main              0x08002445         Code  Gb  cmain.o [5]
_exit                   0x0800245d         Code  Gb  cexit.o [5]
_main                   0x0800244f         Code  Gb  cmain.o [5]
abort                   0x0800196b    0x6  Code  Gb  abort.o [3]
configure_adc           0x08001bc3   0x36  Code  Gb  main.o [1]
configure_gpio          0x08001b6b   0x58  Code  Gb  main.o [1]
configure_rcc           0x08001b43   0x28  Code  Gb  main.o [1]
configure_usart3        0x08001bf9   0x3c  Code  Gb  main.o [1]
delay_ms                0x08001c97   0x16  Code  Gb  main.o [1]
exit                    0x08002457    0x4  Code  Gb  exit.o [3]
ldexp                   0x08001461         Code  Gb  ldexp.o [4]
ldexpl                  0x08001461         Code  Gb  ldexp.o [4]
main                    0x08001cad   0x9e  Code  Gb  main.o [1]
memchr                  0x08000ffd         Code  Gb  memchr.o [5]
scalbln                 0x08001461         Code  Gb  ldexp.o [4]
scalblnl                0x08001461         Code  Gb  ldexp.o [4]
scalbn                  0x08001461         Code  Gb  ldexp.o [4]
scalbnl                 0x08001461         Code  Gb  ldexp.o [4]
scale                   0x08000829   0x46  Code  Lc  xprintffull_nomb.o [3]
sec_hand                0x20000014    0x4  Data  Lc  xfail_s.o [3]
sprintf                 0x0800217d   0x40  Code  Gb  sprintf.o [3]
strcat                  0x080021bd   0x20  Code  Gb  strcat.o [3]
strchr                  0x08000f69         Code  Gb  strchr.o [5]
strlen                  0x08000fc5         Code  Gb  strlen.o [5]


[1] = C:\Users\stlp\Desktop\IARduino\Debug\Obj
[2] = command line
[3] = dl7M_tln.a
[4] = m7M_tls.a
[5] = rt7M_tl.a
[6] = shb_l.a

  9 636 bytes of readonly  code memory
    140 bytes of readonly  data memory
  8 216 bytes of readwrite data memory

Errors: none
Warnings: none
