###############################################################################
#
# IAR ELF Linker V8.11.3.13950/W32 for ARM                09/Feb/2025  15:46:16
# Copyright 2007-2017 IAR Systems AB.
#
#    Output file  =  C:\Users\stlp\Desktop\IARduino\Debug\Exe\IAR_STM32.out
#    Map file     =  C:\Users\stlp\Desktop\IARduino\Debug\List\IAR_STM32.map
#    Command line =  
#        -f C:\Users\stlp\AppData\Local\Temp\EWE236.tmp
#        (C:\Users\stlp\Desktop\IARduino\Debug\Obj\main.o
#        C:\Users\stlp\Desktop\IARduino\Debug\Obj\misc.o
#        C:\Users\stlp\Desktop\IARduino\Debug\Obj\startup_stm32f4xx.o
#        C:\Users\stlp\Desktop\IARduino\Debug\Obj\stm32f4_discovery.o
#        C:\Users\stlp\Desktop\IARduino\Debug\Obj\stm32f4xx_adc.o
#        C:\Users\stlp\Desktop\IARduino\Debug\Obj\stm32f4xx_dma.o
#        C:\Users\stlp\Desktop\IARduino\Debug\Obj\stm32f4xx_gpio.o
#        C:\Users\stlp\Desktop\IARduino\Debug\Obj\stm32f4xx_it.o
#        C:\Users\stlp\Desktop\IARduino\Debug\Obj\stm32f4xx_rcc.o
#        C:\Users\stlp\Desktop\IARduino\Debug\Obj\stm32f4xx_usart.o
#        C:\Users\stlp\Desktop\IARduino\Debug\Obj\system_stm32f4xx.o -o
#        C:\Users\stlp\Desktop\IARduino\Debug\Exe\IAR_STM32.out --redirect
#        _Printf=_PrintfFullNoMb --redirect _Scanf=_ScanfFullNoMb --map
#        C:\Users\stlp\Desktop\IARduino\Debug\List\IAR_STM32.map --config
#        C:\Users\stlp\Desktop\IARduino\IAR_STM32.icf --semihosting --entry
#        __iar_program_start --vfe --text_out locale)
#
###############################################################################

*******************************************************************************
*** RUNTIME MODEL ATTRIBUTES
***

CppFlavor       = *
__SystemLibrary = DLib
__dlib_version  = 6


*******************************************************************************
*** HEAP SELECTION
***

The basic heap was selected because no calls to memory allocation
functions were found in the application outside of system library
functions, and there are calls to deallocation functions in the
application.


*******************************************************************************
*** PLACEMENT SUMMARY
***

"A0":  place at 0x08000000 { ro section .intvec };
"P1":  place in [from 0x08000000 to 0x080fffff] { ro };
define block CSTACK with size = 8K, alignment = 8 { };
"P3":  place in [from 0x10000000 to 0x1000ffff] {
          block CSTACK, section .ccram };
define block HEAP with size = 8K, alignment = 8 { };
"P4":  place in [from 0x20000000 to 0x2001bfff] |
                [from 0x2001c000 to 0x2001ffff] { rw, block HEAP };
initialize by copy { rw };

  Section            Kind        Address    Size  Object
  -------            ----        -------    ----  ------
"A0":                                      0x188
  .intvec            ro code  0x08000000   0x188  startup_stm32f4xx.o [1]
                            - 0x08000188   0x188

"P1":                                     0x3bec
  .text              ro code  0x08000188   0xdd6  xprintffull_nomb.o [3]
  .text              ro code  0x08000f5e     0xa  xsprout.o [3]
  .text              ro code  0x08000f68    0x16  strchr.o [5]
  .text              ro code  0x08000f80    0x44  xfail_s.o [3]
  .text              ro code  0x08000fc4    0x36  strlen.o [5]
  .text              ro code  0x08000ffc    0x58  memchr.o [5]
  .text              ro code  0x08001054    0xee  I64DivMod.o [5]
  .text              ro code  0x08001144   0x1a2  DblMul.o [4]
  .text              ro code  0x080012e8    0xa6  ABImemcpy.o [5]
  .text              ro code  0x08001390    0x70  frexp.o [4]
  .text              ro code  0x08001400    0x2e  DblCmpLe.o [4]
  .text              ro code  0x08001430    0x2e  DblCmpGe.o [4]
  .text              ro code  0x08001460   0x13a  ldexp.o [4]
  .text              ro code  0x0800159c    0x3a  DblToS32.o [4]
  .text              ro code  0x080015d8    0x22  S32ToDbl.o [4]
  .text              ro code  0x080015fc    0xe2  DblSub.o [4]
  .text              ro code  0x080016e0   0x246  DblDiv.o [4]
  .text              ro code  0x08001928    0x28  DblToU32.o [4]
  .text              ro code  0x08001950    0x1a  U32ToDbl.o [4]
  .text              ro code  0x0800196a     0x6  abort.o [3]
  .text              ro code  0x08001970     0x2  I64DivZer.o [5]
  .text              ro code  0x08001974   0x178  DblAdd.o [4]
  .text              ro code  0x08001aec    0x14  exit.o [6]
  .text              ro code  0x08001b00   0xb28  pow64.o [4]
  .text              ro code  0x08002628    0x20  DblCmpEq.o [4]
  .text              ro code  0x08002648   0x418  iar_Exp64.o [4]
  .text              ro code  0x08002a60   0x7b4  main.o [1]
  .text              ro code  0x08003214   0x15c  stm32f4xx_rcc.o [1]
  .text              ro code  0x08003370    0xf8  stm32f4xx_gpio.o [1]
  .text              ro code  0x08003468   0x104  stm32f4xx_usart.o [1]
  .text              ro code  0x0800356c   0x178  stm32f4xx_adc.o [1]
  .text              ro code  0x080036e4     0x8  abs.o [3]
  .text              ro code  0x080036ec    0x48  FltToDbl.o [4]
  .text              ro code  0x08003734    0x68  DblToFlt.o [4]
  .text              ro code  0x0800379c    0x16  math_wrappers64.o [4]
  .text              ro code  0x080037b4    0x40  sprintf.o [3]
  .text              ro code  0x080037f4    0x20  strcat.o [3]
  .text              ro code  0x08003814   0x180  system_stm32f4xx.o [1]
  .rodata            const    0x08003994    0xf0  main.o [1]
  .text              ro code  0x08003a84    0x2c  copy_init3.o [5]
  .text              ro code  0x08003ab0    0x28  data_init.o [5]
  .text              ro code  0x08003ad8    0x22  fpinit_M.o [4]
  .iar.init_table    const    0x08003afc    0x14  - Linker created -
  .rodata            const    0x08003b10    0x1c  main.o [1]
  .text              ro code  0x08003b2c    0x1a  stm32f4xx_it.o [1]
  .text              ro code  0x08003b48    0x1a  cmain.o [5]
  .text              ro code  0x08003b62     0x4  low_level_init.o [3]
  .text              ro code  0x08003b66     0x4  exit.o [3]
  .text              ro code  0x08003b6c     0xa  cexit.o [5]
  .rodata            const    0x08003b78    0x10  main.o [1]
  .rodata            const    0x08003b88    0x10  main.o [1]
  .text              ro code  0x08003b98    0x10  startup_stm32f4xx.o [1]
  .rodata            const    0x08003ba8     0xc  main.o [1]
  .rodata            const    0x08003bb4     0xc  main.o [1]
  .text              ro code  0x08003bc0     0xc  cstartup_M.o [5]
  .rodata            const    0x08003bcc     0x8  main.o [1]
  .text              ro code  0x08003bd4     0x4  startup_stm32f4xx.o [1]
  .text              ro code  0x08003bd8     0x4  startup_stm32f4xx.o [1]
  .text              ro code  0x08003bdc     0x4  startup_stm32f4xx.o [1]
  .text              ro code  0x08003be0     0x4  startup_stm32f4xx.o [1]
  .text              ro code  0x08003be4     0x4  startup_stm32f4xx.o [1]
  .text              ro code  0x08003be8     0x4  startup_stm32f4xx.o [1]
  .text              ro code  0x08003bec     0x4  startup_stm32f4xx.o [1]
  .text              ro code  0x08003bf0     0x4  startup_stm32f4xx.o [1]
  .text              ro code  0x08003bf4     0x4  startup_stm32f4xx.o [1]
  .text              ro code  0x08003bf8     0x4  startup_stm32f4xx.o [1]
  .text              ro code  0x08003bfc     0x4  startup_stm32f4xx.o [1]
  .text              ro code  0x08003c00     0x4  startup_stm32f4xx.o [1]
  .text              ro code  0x08003c04     0x4  startup_stm32f4xx.o [1]
  .text              ro code  0x08003c08     0x4  startup_stm32f4xx.o [1]
  .text              ro code  0x08003c0c     0x4  startup_stm32f4xx.o [1]
  .text              ro code  0x08003c10     0x4  startup_stm32f4xx.o [1]
  .text              ro code  0x08003c14     0x4  startup_stm32f4xx.o [1]
  .text              ro code  0x08003c18     0x4  startup_stm32f4xx.o [1]
  .text              ro code  0x08003c1c     0x4  startup_stm32f4xx.o [1]
  .text              ro code  0x08003c20     0x4  startup_stm32f4xx.o [1]
  .text              ro code  0x08003c24     0x4  startup_stm32f4xx.o [1]
  .text              ro code  0x08003c28     0x4  startup_stm32f4xx.o [1]
  .text              ro code  0x08003c2c     0x4  startup_stm32f4xx.o [1]
  .text              ro code  0x08003c30     0x4  startup_stm32f4xx.o [1]
  .text              ro code  0x08003c34     0x4  startup_stm32f4xx.o [1]
  .text              ro code  0x08003c38     0x4  startup_stm32f4xx.o [1]
  .text              ro code  0x08003c3c     0x4  startup_stm32f4xx.o [1]
  .text              ro code  0x08003c40     0x4  startup_stm32f4xx.o [1]
  .text              ro code  0x08003c44     0x4  startup_stm32f4xx.o [1]
  .text              ro code  0x08003c48     0x4  startup_stm32f4xx.o [1]
  .text              ro code  0x08003c4c     0x4  startup_stm32f4xx.o [1]
  .text              ro code  0x08003c50     0x4  startup_stm32f4xx.o [1]
  .text              ro code  0x08003c54     0x4  startup_stm32f4xx.o [1]
  .text              ro code  0x08003c58     0x4  startup_stm32f4xx.o [1]
  .text              ro code  0x08003c5c     0x4  startup_stm32f4xx.o [1]
  .text              ro code  0x08003c60     0x4  startup_stm32f4xx.o [1]
  .text              ro code  0x08003c64     0x4  startup_stm32f4xx.o [1]
  .text              ro code  0x08003c68     0x4  startup_stm32f4xx.o [1]
  .text              ro code  0x08003c6c     0x4  startup_stm32f4xx.o [1]
  .text              ro code  0x08003c70     0x4  startup_stm32f4xx.o [1]
  .text              ro code  0x08003c74     0x4  startup_stm32f4xx.o [1]
  .text              ro code  0x08003c78     0x4  startup_stm32f4xx.o [1]
  .text              ro code  0x08003c7c     0x4  startup_stm32f4xx.o [1]
  .text              ro code  0x08003c80     0x4  startup_stm32f4xx.o [1]
  .text              ro code  0x08003c84     0x4  startup_stm32f4xx.o [1]
  .text              ro code  0x08003c88     0x4  startup_stm32f4xx.o [1]
  .text              ro code  0x08003c8c     0x4  startup_stm32f4xx.o [1]
  .text              ro code  0x08003c90     0x4  startup_stm32f4xx.o [1]
  .text              ro code  0x08003c94     0x4  startup_stm32f4xx.o [1]
  .text              ro code  0x08003c98     0x4  startup_stm32f4xx.o [1]
  .text              ro code  0x08003c9c     0x4  startup_stm32f4xx.o [1]
  .text              ro code  0x08003ca0     0x4  startup_stm32f4xx.o [1]
  .text              ro code  0x08003ca4     0x4  startup_stm32f4xx.o [1]
  .text              ro code  0x08003ca8     0x4  startup_stm32f4xx.o [1]
  .text              ro code  0x08003cac     0x4  startup_stm32f4xx.o [1]
  .text              ro code  0x08003cb0     0x4  startup_stm32f4xx.o [1]
  .text              ro code  0x08003cb4     0x4  startup_stm32f4xx.o [1]
  .text              ro code  0x08003cb8     0x4  startup_stm32f4xx.o [1]
  .text              ro code  0x08003cbc     0x4  startup_stm32f4xx.o [1]
  .text              ro code  0x08003cc0     0x4  startup_stm32f4xx.o [1]
  .text              ro code  0x08003cc4     0x4  startup_stm32f4xx.o [1]
  .text              ro code  0x08003cc8     0x4  startup_stm32f4xx.o [1]
  .text              ro code  0x08003ccc     0x4  startup_stm32f4xx.o [1]
  .text              ro code  0x08003cd0     0x4  startup_stm32f4xx.o [1]
  .text              ro code  0x08003cd4     0x4  startup_stm32f4xx.o [1]
  .text              ro code  0x08003cd8     0x4  startup_stm32f4xx.o [1]
  .text              ro code  0x08003cdc     0x4  startup_stm32f4xx.o [1]
  .text              ro code  0x08003ce0     0x4  startup_stm32f4xx.o [1]
  .text              ro code  0x08003ce4     0x4  startup_stm32f4xx.o [1]
  .text              ro code  0x08003ce8     0x4  startup_stm32f4xx.o [1]
  .text              ro code  0x08003cec     0x4  startup_stm32f4xx.o [1]
  .text              ro code  0x08003cf0     0x4  startup_stm32f4xx.o [1]
  .text              ro code  0x08003cf4     0x4  startup_stm32f4xx.o [1]
  .text              ro code  0x08003cf8     0x4  startup_stm32f4xx.o [1]
  .text              ro code  0x08003cfc     0x4  startup_stm32f4xx.o [1]
  .text              ro code  0x08003d00     0x4  startup_stm32f4xx.o [1]
  .text              ro code  0x08003d04     0x4  startup_stm32f4xx.o [1]
  .text              ro code  0x08003d08     0x4  startup_stm32f4xx.o [1]
  .text              ro code  0x08003d0c     0x4  startup_stm32f4xx.o [1]
  .text              ro code  0x08003d10     0x4  startup_stm32f4xx.o [1]
  .text              ro code  0x08003d14     0x4  startup_stm32f4xx.o [1]
  .text              ro code  0x08003d18     0x4  startup_stm32f4xx.o [1]
  .text              ro code  0x08003d1c     0x4  startup_stm32f4xx.o [1]
  .text              ro code  0x08003d20     0x4  startup_stm32f4xx.o [1]
  .text              ro code  0x08003d24     0x4  startup_stm32f4xx.o [1]
  .text              ro code  0x08003d28     0x4  startup_stm32f4xx.o [1]
  .text              ro code  0x08003d2c     0x4  startup_stm32f4xx.o [1]
  .text              ro code  0x08003d30     0x4  startup_stm32f4xx.o [1]
  .text              ro code  0x08003d34     0x4  startup_stm32f4xx.o [1]
  .text              ro code  0x08003d38     0x4  startup_stm32f4xx.o [1]
  .text              ro code  0x08003d3c     0x4  startup_stm32f4xx.o [1]
  .rodata            const    0x08003d40     0x0  copy_init3.o [5]
  Initializer bytes  const    0x08003d40    0x34  <for P4 s0>
                            - 0x08003d74  0x3bec

"P3":                                     0x2000
  CSTACK                      0x10000000  0x2000  <Block>
    CSTACK           uninit   0x10000000  0x2000  <Block tail>
                            - 0x10002000  0x2000

"P4":                                       0x34
  P4 s0                       0x20000000    0x34  <Init block>
    .data            inited   0x20000000    0x10  stm32f4xx_rcc.o [1]
    .bss             inited   0x20000010     0x8  main.o [1]
    .data            inited   0x20000018     0x4  system_stm32f4xx.o [1]
    .bss             inited   0x2000001c     0x4  main.o [1]
    .bss             inited   0x20000020     0x4  main.o [1]
    .bss             inited   0x20000024     0x4  main.o [1]
    .bss             inited   0x20000028     0x4  xfail_s.o [3]
    .bss             inited   0x2000002c     0x2  main.o [1]
    .bss             inited   0x2000002e     0x2  main.o [1]
    .bss             inited   0x20000030     0x2  main.o [1]
                            - 0x20000034    0x34


*******************************************************************************
*** INIT TABLE
***

          Address     Size
          -------     ----
Copy (__iar_copy_init3)
    1 source range, total size 0x34 (104% of destination):
          0x08003d40  0x34
    1 destination range, total size 0x32:
          0x20000000  0x32



*******************************************************************************
*** MODULE SUMMARY
***

    Module               ro code  ro data  rw data
    ------               -------  -------  -------
C:\Users\stlp\Desktop\IARduino\Debug\Obj: [1]
    main.o                 1 972      358       26
    startup_stm32f4xx.o      772
    stm32f4xx_adc.o          376
    stm32f4xx_gpio.o         248
    stm32f4xx_it.o            26
    stm32f4xx_rcc.o          348       16       16
    stm32f4xx_usart.o        260
    system_stm32f4xx.o       384        4        4
    ----------------------------------------------
    Total:                 4 386      378       46

command line: [2]
    ----------------------------------------------
    Total:

dl7M_tln.a: [3]
    abort.o                    6
    abs.o                      8
    exit.o                     4
    low_level_init.o           4
    sprintf.o                 64
    strcat.o                  32
    xfail_s.o                 68        4        4
    xprintffull_nomb.o     3 542
    xsprout.o                 10
    ----------------------------------------------
    Total:                 3 738        4        4

m7M_tls.a: [4]
    DblAdd.o                 376
    DblCmpEq.o                32
    DblCmpGe.o                46
    DblCmpLe.o                46
    DblDiv.o                 582
    DblMul.o                 418
    DblSub.o                 226
    DblToFlt.o               104
    DblToS32.o                58
    DblToU32.o                40
    FltToDbl.o                72
    S32ToDbl.o                34
    U32ToDbl.o                26
    fpinit_M.o                34
    frexp.o                  112
    iar_Exp64.o            1 048
    ldexp.o                  314
    math_wrappers64.o         22
    pow64.o                2 856
    ----------------------------------------------
    Total:                 6 446

rt7M_tl.a: [5]
    ABImemcpy.o              166
    I64DivMod.o              238
    I64DivZer.o                2
    cexit.o                   10
    cmain.o                   26
    copy_init3.o              44
    cstartup_M.o              12
    data_init.o               40
    memchr.o                  88
    strchr.o                  22
    strlen.o                  54
    ----------------------------------------------
    Total:                   702

shb_l.a: [6]
    exit.o                    20
    ----------------------------------------------
    Total:                    20

    Gaps                      32        4
    Linker created                     22    8 192
--------------------------------------------------
    Grand Total:          15 324      408    8 242


*******************************************************************************
*** ENTRY LIST
***

Entry                      Address   Size  Type      Object
-----                      -------   ----  ----      ------
.iar.init_table$$Base   0x08003afc          --   Gb  - Linker created -
.iar.init_table$$Limit  0x08003b10          --   Gb  - Linker created -
?main                   0x08003b49         Code  Gb  cmain.o [5]
ADC_Cmd                 0x080035b7   0x1a  Code  Gb  stm32f4xx_adc.o [1]
ADC_EOCOnEachRegularChannelCmd
                        0x080036a9   0x1a  Code  Gb  stm32f4xx_adc.o [1]
ADC_GetConversionValue  0x080036c3    0x6  Code  Gb  stm32f4xx_adc.o [1]
ADC_GetFlagStatus       0x080036d1   0x14  Code  Gb  stm32f4xx_adc.o [1]
ADC_Init                0x0800356d   0x4a  Code  Gb  stm32f4xx_adc.o [1]
ADC_RegularChannelConfig
                        0x080035d1   0xce  Code  Gb  stm32f4xx_adc.o [1]
ADC_SoftwareStartConv   0x0800369f    0xa  Code  Gb  stm32f4xx_adc.o [1]
APBAHBPrescTable        0x20000000   0x10  Data  Lc  stm32f4xx_rcc.o [1]
BusFault_Handler        0x08003b33    0x2  Code  Gb  stm32f4xx_it.o [1]
CO_baseR                0x20000030    0x2  Data  Gb  main.o [1]
CO_val                  0x2000001c    0x4  Data  Gb  main.o [1]
CSTACK$$Base            0x10000000          --   Gb  - Linker created -
CSTACK$$Limit           0x10002000          --   Gb  - Linker created -
DebugMon_Handler        0x08003b39    0x2  Code  Gb  stm32f4xx_it.o [1]
GPIO_Init               0x08003371   0xa4  Code  Gb  stm32f4xx_gpio.o [1]
GPIO_PinAFConfig        0x08003415   0x54  Code  Gb  stm32f4xx_gpio.o [1]
HardFault_Handler       0x08003b2f    0x2  Code  Gb  stm32f4xx_it.o [1]
LoadInt                 0x08000327   0x7a  Code  Lc  xprintffull_nomb.o [3]
MemManage_Handler       0x08003b31    0x2  Code  Gb  stm32f4xx_it.o [1]
NH3_val                 0x20000020    0x4  Data  Gb  main.o [1]
NH3baseR                0x2000002c    0x2  Data  Gb  main.o [1]
NMI_Handler             0x08003b2d    0x2  Code  Gb  stm32f4xx_it.o [1]
NO2_val                 0x20000024    0x4  Data  Gb  main.o [1]
NO2baseR                0x2000002e    0x2  Data  Gb  main.o [1]
PendSV_Handler          0x08003b3b    0x2  Code  Gb  stm32f4xx_it.o [1]
RCC_AHB1PeriphClockCmd  0x080032f1   0x20  Code  Gb  stm32f4xx_rcc.o [1]
RCC_APB1PeriphClockCmd  0x08003311   0x20  Code  Gb  stm32f4xx_rcc.o [1]
RCC_APB2PeriphClockCmd  0x08003331   0x20  Code  Gb  stm32f4xx_rcc.o [1]
RCC_GetClocksFreq       0x08003215   0xdc  Code  Gb  stm32f4xx_rcc.o [1]
Read_ADC                0x08002c8f   0x60  Code  Gb  main.o [1]
Region$$Table$$Base     0x08003afc          --   Gb  - Linker created -
Region$$Table$$Limit    0x08003b10          --   Gb  - Linker created -
SVC_Handler             0x08003b37    0x2  Code  Gb  stm32f4xx_it.o [1]
SetSysClock             0x08003867   0xf4  Code  Lc  system_stm32f4xx.o [1]
SysTick_Handler         0x08003b3d    0x2  Code  Gb  stm32f4xx_it.o [1]
SystemCoreClock         0x20000018    0x4  Data  Gb  system_stm32f4xx.o [1]
SystemInit              0x08003815   0x52  Code  Gb  system_stm32f4xx.o [1]
TIM1_CC_IRQHandler      0x08003b45    0x2  Code  Gb  stm32f4xx_it.o [1]
TIM2_IRQHandler         0x08003b3f    0x2  Code  Gb  stm32f4xx_it.o [1]
TIM3_IRQHandler         0x08003b41    0x2  Code  Gb  stm32f4xx_it.o [1]
TIM4_IRQHandler         0x08003b43    0x2  Code  Gb  stm32f4xx_it.o [1]
USART_Cmd               0x08003531   0x1c  Code  Gb  stm32f4xx_usart.o [1]
USART_GetFlagStatus     0x08003555   0x18  Code  Gb  stm32f4xx_usart.o [1]
USART_Init              0x08003469   0xb8  Code  Gb  stm32f4xx_usart.o [1]
USART_SendATCommand     0x08002b51   0x12  Code  Gb  main.o [1]
USART_SendData          0x0800354d    0x8  Code  Gb  stm32f4xx_usart.o [1]
USART_SendString        0x08002afb   0x2a  Code  Gb  main.o [1]
USART_SendStringWithNewLine
                        0x08002b43    0xe  Code  Gb  main.o [1]
UsageFault_Handler      0x08003b35    0x2  Code  Gb  stm32f4xx_it.o [1]
_GenldFullNoMb          0x08000c8b  0x248  Code  Lc  xprintffull_nomb.o [3]
_LdtobFullNoMb          0x0800086f  0x3f0  Code  Lc  xprintffull_nomb.o [3]
_LitobFullNoMb          0x08000713  0x116  Code  Lc  xprintffull_nomb.o [3]
_PrintfFullNoMb         0x08000189  0x190  Code  Gb  xprintffull_nomb.o [3]
_PutcharsFullNoMb       0x08000ed3   0x2e  Code  Lc  xprintffull_nomb.o [3]
_PutfldFullNoMb         0x080003a1  0x264  Code  Lc  xprintffull_nomb.o [3]
_PuttxtFullNoMb         0x08000605  0x10e  Code  Lc  xprintffull_nomb.o [3]
_SProut                 0x08000f5f    0xa  Code  Gb  xsprout.o [3]
__aeabi_cdcmpeq         0x08002629         Code  Gb  DblCmpEq.o [4]
__aeabi_cdcmple         0x08001401         Code  Gb  DblCmpLe.o [4]
__aeabi_cdrcmple        0x08001431         Code  Gb  DblCmpGe.o [4]
__aeabi_d2f             0x08003735         Code  Gb  DblToFlt.o [4]
__aeabi_d2iz            0x0800159d         Code  Gb  DblToS32.o [4]
__aeabi_d2uiz           0x08001929         Code  Gb  DblToU32.o [4]
__aeabi_dadd            0x08001975         Code  Gb  DblAdd.o [4]
__aeabi_ddiv            0x080016e1         Code  Gb  DblDiv.o [4]
__aeabi_dmul            0x08001145         Code  Gb  DblMul.o [4]
__aeabi_dsub            0x080015fd         Code  Gb  DblSub.o [4]
__aeabi_f2d             0x080036ed         Code  Gb  FltToDbl.o [4]
__aeabi_i2d             0x080015d9         Code  Gb  S32ToDbl.o [4]
__aeabi_ldiv0           0x08001971         Code  Gb  I64DivZer.o [5]
__aeabi_memcpy          0x080012e9         Code  Gb  ABImemcpy.o [5]
__aeabi_memcpy4         0x08001309         Code  Gb  ABImemcpy.o [5]
__aeabi_memcpy8         0x08001309         Code  Gb  ABImemcpy.o [5]
__aeabi_ui2d            0x08001951         Code  Gb  U32ToDbl.o [4]
__aeabi_uldivmod        0x08001055         Code  Gb  I64DivMod.o [5]
__cmain                 0x08003b49         Code  Gb  cmain.o [5]
__exit                  0x08001aed   0x14  Code  Gb  exit.o [6]
__iar_Exp64             0x08002649  0x3b8  Code  Gb  iar_Exp64.o [4]
__iar_Fail_s            0x08000f81   0x1e  Code  Gb  xfail_s.o [3]
__iar_Memchr            0x08000ffd         Code  Gb  memchr.o [5]
__iar_Pow64             0x08001b01  0x654  Code  Lc  pow64.o [4]
__iar_Strchr            0x08000f69         Code  Gb  strchr.o [5]
__iar_copy_init3        0x08003a85   0x2c  Code  Gb  copy_init3.o [5]
__iar_dadd              0x0800160d         Code  Gb  DblSub.o [4]
__iar_data_init3        0x08003ab1   0x28  Code  Gb  data_init.o [5]
__iar_dsub              0x08001985         Code  Gb  DblAdd.o [4]
__iar_dsubStart         0x08001997         Code  Gb  DblAdd.o [4]
__iar_frexp             0x0800139d         Code  Gb  frexp.o [4]
__iar_frexpl            0x0800139d         Code  Gb  frexp.o [4]
__iar_init_vfp          0x08003ad9         Code  Gb  fpinit_M.o [4]
__iar_ldexp64           0x08001461         Code  Gb  ldexp.o [4]
__iar_pow64             0x080021f5   0x14  Code  Gb  pow64.o [4]
__iar_pow_medium        0x080021f5   0x14  Code  Gb  pow64.o [4]
__iar_pow_medium64      0x080021f5   0x14  Code  Gb  pow64.o [4]
__iar_pow_mediuml       0x080021f5   0x14  Code  Gb  pow64.o [4]
__iar_program_start     0x08003bc1         Code  Gb  cstartup_M.o [5]
__iar_scalbln64         0x08001461         Code  Gb  ldexp.o [4]
__iar_scalbn64          0x08001461         Code  Gb  ldexp.o [4]
__iar_softfp___iar_frexp64
                        0x08001391         Code  Gb  frexp.o [4]
__iar_softfp_frexp      0x08001391         Code  Gb  frexp.o [4]
__iar_softfp_frexpl     0x08001391         Code  Gb  frexp.o [4]
__iar_systems$$module {Abs}
                        0x00000001         Data  Gb  command line/config [2]
__iar_vfp_pow           0x080037a3   0x10  Code  Gb  math_wrappers64.o [4]
__low_level_init        0x08003b63    0x4  Code  Gb  low_level_init.o [3]
__vector_table          0x08000000         Data  Gb  startup_stm32f4xx.o [1]
_call_main              0x08003b55         Code  Gb  cmain.o [5]
_exit                   0x08003b6d         Code  Gb  cexit.o [5]
_main                   0x08003b5f         Code  Gb  cmain.o [5]
abort                   0x0800196b    0x6  Code  Gb  abort.o [3]
abs                     0x080036e5    0x8  Code  Gb  abs.o [3]
calibrate_MICS          0x08002cf9  0x206  Code  Gb  main.o [1]
configure_adc           0x08002b63   0x6e  Code  Gb  main.o [1]
configure_gpio          0x08002a9b   0x60  Code  Gb  main.o [1]
configure_rcc           0x08002a61   0x3a  Code  Gb  main.o [1]
configure_usart3        0x08002bd1   0x40  Code  Gb  main.o [1]
delay_ms                0x08002b25   0x1e  Code  Gb  main.o [1]
exit                    0x08003b67    0x4  Code  Gb  exit.o [3]
getBaseResistance       0x08002eff   0x24  Code  Gb  main.o [1]
getCurrentRatio         0x08002f23   0x86  Code  Gb  main.o [1]
getResistance           0x08002c11   0x7e  Code  Gb  main.o [1]
ldexp                   0x08001461         Code  Gb  ldexp.o [4]
ldexpl                  0x08001461         Code  Gb  ldexp.o [4]
lnbias                  0x08002208  0x420  Data  Lc  pow64.o [4]
main                    0x080030a9   0xe0  Code  Gb  main.o [1]
measure_MICS            0x08002fad   0xfc  Code  Gb  main.o [1]
memchr                  0x08000ffd         Code  Gb  memchr.o [5]
pow                     0x080021f5   0x14  Code  Gb  pow64.o [4]
powl                    0x080021f5   0x14  Code  Gb  pow64.o [4]
readings                0x20000010    0x8  Data  Gb  main.o [1]
scalbln                 0x08001461         Code  Gb  ldexp.o [4]
scalblnl                0x08001461         Code  Gb  ldexp.o [4]
scalbn                  0x08001461         Code  Gb  ldexp.o [4]
scalbnl                 0x08001461         Code  Gb  ldexp.o [4]
scale                   0x08000829   0x46  Code  Lc  xprintffull_nomb.o [3]
sec_hand                0x20000028    0x4  Data  Lc  xfail_s.o [3]
sprintf                 0x080037b5   0x40  Code  Gb  sprintf.o [3]
strcat                  0x080037f5   0x20  Code  Gb  strcat.o [3]
strchr                  0x08000f69         Code  Gb  strchr.o [5]
strlen                  0x08000fc5         Code  Gb  strlen.o [5]


[1] = C:\Users\stlp\Desktop\IARduino\Debug\Obj
[2] = command line
[3] = dl7M_tln.a
[4] = m7M_tls.a
[5] = rt7M_tl.a
[6] = shb_l.a

  15 324 bytes of readonly  code memory
     408 bytes of readonly  data memory
   8 242 bytes of readwrite data memory

Errors: none
Warnings: none
